[www.citethemrightonline.com/index.html]
[backblue.gif]
[fade.gif]
[index.html]
[www.citethemrightonline.com/bloomsbury_assets/bloomsbury/css/support.css]
[www.citethemrightonline.com/bloomsbury_assets/bloomsbury/css/bootstrap-select.css]
[www.citethemrightonline.com/bloomsbury_assets/bloomsbury/css/owl-carousel-new.css]
[www.citethemrightonline.com/bloomsbury_assets/bloomsbury/css/checkbox.css]
[www.citethemrightonline.com/bloomsbury_assets/bloomsbury/css/font-awesome.min.css]
[www.citethemrightonline.com/bloomsbury_assets/ctrcol/css/plyr.css]
[www.citethemrightonline.com/bloomsbury_assets/bloomsbury/css/bootstrap-slider.css]
[www.citethemrightonline.com/bloomsbury_assets/bloomsbury/css/support-ui.css]
[www.citethemrightonline.com/bloomsbury_assets/ctrcol/css/ctrcol.css]
[www.citethemrightonline.com/bloomsbury_assets/ctrcol/css/product.css]
[www.citethemrightonline.com/bloomsbury_assets/bloomsbury/js/jquery.min.js]
[www.citethemrightonline.com/bloomsbury_assets/bloomsbury/js/custom.min.js]
[www.citethemrightonline.com/bloomsbury_assets/bloomsbury/js/owl-carousel-new.min.js]
[www.citethemrightonline.com/bloomsbury_assets/bloomsbury/js/custom-select.min.js]
[www.citethemrightonline.com/bloomsbury_assets/bloomsbury/js/plyr.js]
[www.citethemrightonline.com/bloomsbury_assets/bloomsbury/js/bootstrap-slider.min.js]
[www.citethemrightonline.com/bloomsbury_assets/bloomsbury/js/jquery-ui.min.js]
[www.citethemrightonline.com/bloomsbury_assets/bloomsbury/js/mousescroll.min.js]
[www.citethemrightonline.com/bloomsbury_assets/bloomsbury/js/jquery-show-first.min.js]
[www.citethemrightonline.com/bloomsbury_assets/bloomsbury/js/clipboard.min.js]
[www.citethemrightonline.com/bloomsbury_assets/bloomsbury/js/jquery.mark.min.js]
[www.citethemrightonline.com/bloomsbury_assets/bloomsbury/js/jquery.cloudinary.js]
[www.citethemrightonline.com/bloomsbury_assets/bloomsbury/js/bloomsbury.min0f12.js]
[www.citethemrightonline.com/bloomsbury_assets/bloomsbury/js/leaflet.ChineseTmsProviders.js]
[www.citethemrightonline.com/bloomsbury_assets/bloomsbury/js/jquery.cookie.min.js]
[www.citethemrightonline.com/bloomsbury_assets/bloomsbury/js/jquery.truncation.js]
[www.citethemrightonline.com/bloomsbury_assets/bloomsbury/js/openseadragon.min.js]
[www.citethemrightonline.com/bloomsbury_assets/bloomsbury/js/openseadragon-svg-overlay.js]
[www.citethemrightonline.com/bloomsbury_assets/bloomsbury/js/snap.svg-min.js]
[www.citethemrightonline.com/bloomsbury_assets/bloomsbury/js/jquery.numeric.min.js]
[www.citethemrightonline.com/bloomsbury_assets/bloomsbury/js/raphael.min.js]
[www.citethemrightonline.com/bloomsbury_assets/bloomsbury/js/URI.min.js]
[www.citethemrightonline.com/bloomsbury_assets/bloomsbury/images/loader.gif]
[www.citethemrightonline.com/bloomsbury_assets/bloomsbury/images/signin_close.png]
[www.citethemrightonline.com/pre-forgot-password.html]
[www.citethemrightonline.com/bloomsbury_assets/bloomsbury/images/fb-prof-pic.jpg]
[www.citethemrightonline.com/bloomsbury_assets/bloomsbury/images/fb-signup-icon.png]
[www.citethemrightonline.com/terms-and-conditions.html]
[www.citethemrightonline.com/privacy-policy.html]
[www.citethemrightonline.com/bloomsbury_assets/bloomsbury/images/signin_twitter.png]
[www.citethemrightonline.com/bloomsbury_assets/bloomsbury/images/signin_icon.png]
[www.citethemrightonline.com/home.html]
[www.citethemrightonline.com/bloomsbury_assets/bloomsbury/images/search-icon-gray.png]
[www.citethemrightonline.com/category-list7f5c.html]
[www.citethemrightonline.com/category-list185c.html]
[www.citethemrightonline.com/category-list2f86.html]
[www.citethemrightonline.com/category-listde1e.html]
[www.citethemrightonline.com/category-list5651.html]
[www.citethemrightonline.com/category-listf23c.html]
[www.citethemrightonline.com/category-list812a.html]
[www.citethemrightonline.com/category-liste56d.html]
[www.citethemrightonline.com/category-list0d72.html]
[www.citethemrightonline.com/category-list48aa.html]
[www.citethemrightonline.com/category-listdc16.html]
[www.citethemrightonline.com/category-list70fb.html]
[www.citethemrightonline.com/category-listade9.html]
[www.citethemrightonline.com/category-list5041.html]
[www.citethemrightonline.com/category-listbc36.html]
[www.citethemrightonline.com/category-listba6a.html]
[www.citethemrightonline.com/category-list9f68.html]
[www.citethemrightonline.com/category-listff06.html]
[www.citethemrightonline.com/basics-of-referencing.html]
[www.citethemrightonline.com/tutorial.html]
[www.citethemrightonline.com/videos.html]
[www.citethemrightonline.com/error-page.html]
[www.citethemrightonline.com/referencing-styles.html]
[www.citethemrightonline.com/about.html]
[www.citethemrightonline.com/contact-us.html]
[www.citethemrightonline.com/how-to-use-cite-them-right.html]
[www.citethemrightonline.com/search-resultsbda4.html]
[www.citethemrightonline.com/search-resultsa4d8.html]
[www.citethemrightonline.com/search-results433f.html]
[www.citethemrightonline.com/search-results1639.html]
[www.citethemrightonline.com/search-results7a51.html]
[www.citethemrightonline.com/search-results096b.html]
[www.citethemrightonline.com/video-introduction.html]
[www.citethemrightonline.com/ask-the-authors.html]
[www.citethemrightonline.com/article36cb.html]
[www.citethemrightonline.com/how-emerging-ai-tools-affect-academic-work.html]
[www.citethemrightonline.com/article7aef.html]
[www.citethemrightonline.com/article4f60.html]
[www.citethemrightonline.com/admin-portal.html]
[www.citethemrightonline.com/how-to-access.html]
[www.citethemrightonline.com/accessibility.html]
[www.citethemrightonline.com/help.html]
[www.citethemrightonline.com/for-librarians.html]
[www.citethemrightonline.com/bloomsbury_assets/ctrcol/images/Bloomsbury Digital Resources.png]
[www.citethemrightonline.com/bloomsbury_assets/bloomsbury/images/more-dot-icon.png]
[www.citethemrightonline.com/index.html]
[www.citethemrightonline.com/bloomsbury_assets/bloomsbury/css/support.css]
[www.citethemrightonline.com/bloomsbury_assets/bloomsbury/css/bootstrap-select.css]
[www.citethemrightonline.com/bloomsbury_assets/bloomsbury/css/owl-carousel-new.css]
[www.citethemrightonline.com/bloomsbury_assets/bloomsbury/css/checkbox.css]
[www.citethemrightonline.com/bloomsbury_assets/bloomsbury/css/font-awesome.min.css]
[www.citethemrightonline.com/bloomsbury_assets/ctrcol/css/plyr.css]
[www.citethemrightonline.com/bloomsbury_assets/bloomsbury/css/bootstrap-slider.css]
[www.citethemrightonline.com/bloomsbury_assets/bloomsbury/css/support-ui.css]
[www.citethemrightonline.com/bloomsbury_assets/ctrcol/css/ctrcol.css]
[www.citethemrightonline.com/bloomsbury_assets/ctrcol/css/product.css]
[www.citethemrightonline.com/pre-forgot-password.html]
[www.citethemrightonline.com/terms-and-conditions.html]
[www.citethemrightonline.com/privacy-policy.html]
[www.citethemrightonline.com/home.html]
[www.citethemrightonline.com/category-list7f5c.html]
[www.citethemrightonline.com/category-list185c.html]
[www.citethemrightonline.com/category-list2f86.html]
[www.citethemrightonline.com/category-listde1e.html]
[www.citethemrightonline.com/category-list5651.html]
[www.citethemrightonline.com/category-listf23c.html]
[www.citethemrightonline.com/category-list812a.html]
[www.citethemrightonline.com/category-liste56d.html]
[www.citethemrightonline.com/category-list0d72.html]
[www.citethemrightonline.com/category-list48aa.html]
[www.citethemrightonline.com/category-listdc16.html]
[www.citethemrightonline.com/category-list70fb.html]
[www.citethemrightonline.com/category-listade9.html]
[www.citethemrightonline.com/category-list5041.html]
[www.citethemrightonline.com/category-listbc36.html]
[www.citethemrightonline.com/category-listba6a.html]
[www.citethemrightonline.com/category-list9f68.html]
[www.citethemrightonline.com/category-listff06.html]
[www.citethemrightonline.com/basics-of-referencing.html]
[www.citethemrightonline.com/tutorial.html]
[www.citethemrightonline.com/videos.html]
[www.citethemrightonline.com/error-page.html]
[www.citethemrightonline.com/referencing-styles.html]
[www.citethemrightonline.com/about.html]
[www.citethemrightonline.com/contact-us.html]
[www.citethemrightonline.com/how-to-use-cite-them-right.html]
[www.citethemrightonline.com/search-resultsbda4.html]
[www.citethemrightonline.com/search-resultsa4d8.html]
[www.citethemrightonline.com/search-results433f.html]
[www.citethemrightonline.com/search-results1639.html]
[www.citethemrightonline.com/search-results7a51.html]
[www.citethemrightonline.com/search-results096b.html]
[www.citethemrightonline.com/video-introduction.html]
[www.citethemrightonline.com/ask-the-authors.html]
[www.citethemrightonline.com/article36cb.html]
[www.citethemrightonline.com/how-emerging-ai-tools-affect-academic-work.html]
[www.citethemrightonline.com/article7aef.html]
[www.citethemrightonline.com/article4f60.html]
[www.citethemrightonline.com/admin-portal.html]
[www.citethemrightonline.com/how-to-access.html]
[www.citethemrightonline.com/accessibility.html]
[www.citethemrightonline.com/help.html]
[www.citethemrightonline.com/for-librarians.html]
